WARNING|Heartbeat blocked for more than 5 seconds.| @ 2020-03-04 23:48:50,748
WARNING|Heartbeat blocked for more than 10 seconds.| @ 2020-03-04 23:48:55,749
WARNING|Can't keep up, websocket is 26.1s behind.| @ 2020-03-05 00:05:47,565
WARNING|Heartbeat blocked for more than 5 seconds.| @ 2020-03-05 00:06:07,760
WARNING|Heartbeat blocked for more than 10 seconds.| @ 2020-03-05 00:06:12,760
WARNING|Heartbeat blocked for more than 5 seconds.| @ 2020-03-05 00:07:41,210
WARNING|Heartbeat blocked for more than 10 seconds.| @ 2020-03-05 00:07:46,210
WARNING|Heartbeat blocked for more than 15 seconds.| @ 2020-03-05 00:07:51,211
ERROR|Task was destroyed but it is pending!
task: <ClientEventTask state=pending event=on_message coro=<bound method BotBase.on_message of <discord.ext.commands.bot.Bot object at 0x7fbf9b405d90>>>| @ 2020-03-05 00:22:52,827
